No incremental rows to add for 360ONE.NSE
No incremental rows to add for ABB.NSE
No incremental rows to add for ACC.NSE
No incremental rows to add for APLAPOLLO.NSE
No incremental rows to add for AUBANK.NSE
No incremental rows to add for ADANIENSOL.NSE
No incremental rows to add for ADANIENT.NSE
No incremental rows to add for ADANIGREEN.NSE
No incremental rows to add for ADANIPORTS.NSE
No incremental rows to add for ADANIPOWER.NSE
No incremental rows to add for ATGL.NSE
No incremental rows to add for ABCAPITAL.NSE
No incremental rows to add for ALKEM.NSE
No incremental rows to add for AMBUJACEM.NSE
No incremental rows to add for APOLLOHOSP.NSE
No incremental rows to add for ASHOKLEY.NSE
No incremental rows to add for ASIANPAINT.NSE
No incremental rows to add for ASTRAL.NSE
No incremental rows to add for AUROPHARMA.NSE
No incremental rows to add for DMART.NSE
No incremental rows to add for AXISBANK.NSE
No incremental rows to add for BSE.NSE
No incremental rows to add for BAJAJ-AUTO.NSE
No incremental rows to add for BAJFINANCE.NSE
No incremental rows to add for BAJAJFINSV.NSE
No incremental rows to add for BAJAJHLDNG.NSE
No incremental rows to add for BAJAJHFL.NSE
No incremental rows to add for BANKBARODA.NSE
No incremental rows to add for BANKINDIA.NSE
No incremental rows to add for BDL.NSE
No incremental rows to add for BEL.NSE
No incremental rows to add for BHARATFORG.NSE
No incremental rows to add for BHEL.NSE
No incremental rows to add for BPCL.NSE
No incremental rows to add for BHARTIARTL.NSE
No incremental rows to add for BHARTIHEXA.NSE
No incremental rows to add for BIOCON.NSE
No incremental rows to add for BLUESTARCO.NSE
No incremental rows to add for BOSCHLTD.NSE
No incremental rows to add for BRITANNIA.NSE
No incremental rows to add for CGPOWER.NSE
No incremental rows to add for CANBK.NSE
No incremental rows to add for CHOLAFIN.NSE
No incremental rows to add for CIPLA.NSE
No incremental rows to add for COALINDIA.NSE
No incremental rows to add for COCHINSHIP.NSE
No incremental rows to add for COFORGE.NSE
No incremental rows to add for COLPAL.NSE
No incremental rows to add for CONCOR.NSE
No incremental rows to add for COROMANDEL.NSE
No incremental rows to add for CUMMINSIND.NSE
No incremental rows to add for DLF.NSE
No incremental rows to add for DABUR.NSE
No incremental rows to add for DIVISLAB.NSE
No incremental rows to add for DIXON.NSE
No incremental rows to add for DRREDDY.NSE
Failed to fetch DUMMYHDLVR.NSE: HTTP 404 - Ticker Not Found.
No incremental rows to add for EICHERMOT.NSE
No incremental rows to add for ETERNAL.NSE
No incremental rows to add for EXIDEIND.NSE
No incremental rows to add for NYKAA.NSE
No incremental rows to add for FEDERALBNK.NSE
No incremental rows to add for FORTIS.NSE
No incremental rows to add for GAIL.NSE
No incremental rows to add for GMRAIRPORT.NSE
No incremental rows to add for GLENMARK.NSE
No incremental rows to add for GODFRYPHLP.NSE
No incremental rows to add for GODREJCP.NSE
No incremental rows to add for GODREJPROP.NSE
No incremental rows to add for GRASIM.NSE
No incremental rows to add for HCLTECH.NSE
No incremental rows to add for HDFCAMC.NSE
No incremental rows to add for HDFCBANK.NSE
No incremental rows to add for HDFCLIFE.NSE
No incremental rows to add for HAVELLS.NSE
No incremental rows to add for HEROMOTOCO.NSE
No incremental rows to add for HINDALCO.NSE
No incremental rows to add for HINDPETRO.NSE
No incremental rows to add for HINDUNILVR.NSE
No incremental rows to add for HINDZINC.NSE
No incremental rows to add for POWERINDIA.NSE
No incremental rows to add for HUDCO.NSE
No incremental rows to add for HYUNDAI.NSE
No incremental rows to add for ICICIBANK.NSE
No incremental rows to add for ICICIGI.NSE
No incremental rows to add for IDFCFIRSTB.NSE
No incremental rows to add for IRB.NSE
Traceback (most recent call last):
  File "/Users/tusharkoley/Desktop/code/tradezens/backend/venv/lib/python3.13/site-packages/django/db/backends/utils.py", line 105, in _execute
    return self.cursor.execute(sql, params)
           ~~~~~~~~~~~~~~~~~~~^^^^^^^^^^^^^
psycopg2.OperationalError: server closed the connection unexpectedly
	This probably means the server terminated abnormally
	before or while processing the request.


The above exception was the direct cause of the following exception:

Traceback (most recent call last):
  File "/Users/tusharkoley/Desktop/code/tradezens/backend/manage.py", line 22, in <module>
    main()
    ~~~~^^
  File "/Users/tusharkoley/Desktop/code/tradezens/backend/manage.py", line 18, in main
    execute_from_command_line(sys.argv)
    ~~~~~~~~~~~~~~~~~~~~~~~~~^^^^^^^^^^
  File "/Users/tusharkoley/Desktop/code/tradezens/backend/venv/lib/python3.13/site-packages/django/core/management/__init__.py", line 442, in execute_from_command_line
    utility.execute()
    ~~~~~~~~~~~~~~~^^
  File "/Users/tusharkoley/Desktop/code/tradezens/backend/venv/lib/python3.13/site-packages/django/core/management/__init__.py", line 436, in execute
    self.fetch_command(subcommand).run_from_argv(self.argv)
    ~~~~~~~~~~~~~~~~~~~~~~~~~~~~~~~~~~~~~~~~~~~~^^^^^^^^^^^
  File "/Users/tusharkoley/Desktop/code/tradezens/backend/venv/lib/python3.13/site-packages/django/core/management/base.py", line 413, in run_from_argv
    self.execute(*args, **cmd_options)
    ~~~~~~~~~~~~^^^^^^^^^^^^^^^^^^^^^^
  File "/Users/tusharkoley/Desktop/code/tradezens/backend/venv/lib/python3.13/site-packages/django/core/management/base.py", line 459, in execute
    output = self.handle(*args, **options)
  File "/Users/tusharkoley/Desktop/code/tradezens/backend/stocks/management/commands/update_prices_eodhd.py", line 63, in handle
    latest = Price.objects.filter(ticker=ticker).order_by("-date").values_list("date", flat=True).first()
  File "/Users/tusharkoley/Desktop/code/tradezens/backend/venv/lib/python3.13/site-packages/django/db/models/query.py", line 1097, in first
    for obj in queryset[:1]:
               ~~~~~~~~^^^^
  File "/Users/tusharkoley/Desktop/code/tradezens/backend/venv/lib/python3.13/site-packages/django/db/models/query.py", line 400, in __iter__
    self._fetch_all()
    ~~~~~~~~~~~~~~~^^
  File "/Users/tusharkoley/Desktop/code/tradezens/backend/venv/lib/python3.13/site-packages/django/db/models/query.py", line 1928, in _fetch_all
    self._result_cache = list(self._iterable_class(self))
                         ~~~~^^^^^^^^^^^^^^^^^^^^^^^^^^^^
  File "/Users/tusharkoley/Desktop/code/tradezens/backend/venv/lib/python3.13/site-packages/django/db/models/query.py", line 287, in __iter__
    for row in compiler.results_iter(
               ~~~~~~~~~~~~~~~~~~~~~^
        chunked_fetch=self.chunked_fetch, chunk_size=self.chunk_size
        ^^^^^^^^^^^^^^^^^^^^^^^^^^^^^^^^^^^^^^^^^^^^^^^^^^^^^^^^^^^^
    ):
    ^
  File "/Users/tusharkoley/Desktop/code/tradezens/backend/venv/lib/python3.13/site-packages/django/db/models/sql/compiler.py", line 1525, in results_iter
    results = self.execute_sql(
        MULTI, chunked_fetch=chunked_fetch, chunk_size=chunk_size
    )
  File "/Users/tusharkoley/Desktop/code/tradezens/backend/venv/lib/python3.13/site-packages/django/db/models/sql/compiler.py", line 1574, in execute_sql
    cursor.execute(sql, params)
    ~~~~~~~~~~~~~~^^^^^^^^^^^^^
  File "/Users/tusharkoley/Desktop/code/tradezens/backend/venv/lib/python3.13/site-packages/django/db/backends/utils.py", line 122, in execute
    return super().execute(sql, params)
           ~~~~~~~~~~~~~~~^^^^^^^^^^^^^
  File "/Users/tusharkoley/Desktop/code/tradezens/backend/venv/lib/python3.13/site-packages/django/db/backends/utils.py", line 79, in execute
    return self._execute_with_wrappers(
           ~~~~~~~~~~~~~~~~~~~~~~~~~~~^
        sql, params, many=False, executor=self._execute
        ^^^^^^^^^^^^^^^^^^^^^^^^^^^^^^^^^^^^^^^^^^^^^^^
    )
    ^
  File "/Users/tusharkoley/Desktop/code/tradezens/backend/venv/lib/python3.13/site-packages/django/db/backends/utils.py", line 92, in _execute_with_wrappers
    return executor(sql, params, many, context)
  File "/Users/tusharkoley/Desktop/code/tradezens/backend/venv/lib/python3.13/site-packages/django/db/backends/utils.py", line 100, in _execute
    with self.db.wrap_database_errors:
         ^^^^^^^^^^^^^^^^^^^^^^^^^^^^
  File "/Users/tusharkoley/Desktop/code/tradezens/backend/venv/lib/python3.13/site-packages/django/db/utils.py", line 91, in __exit__
    raise dj_exc_value.with_traceback(traceback) from exc_value
  File "/Users/tusharkoley/Desktop/code/tradezens/backend/venv/lib/python3.13/site-packages/django/db/backends/utils.py", line 105, in _execute
    return self.cursor.execute(sql, params)
           ~~~~~~~~~~~~~~~~~~~^^^^^^^^^^^^^
django.db.utils.OperationalError: server closed the connection unexpectedly
	This probably means the server terminated abnormally
	before or while processing the request.

No incremental rows to add for 360ONE.NSE
No incremental rows to add for ABB.NSE
No incremental rows to add for ACC.NSE
No incremental rows to add for APLAPOLLO.NSE
No incremental rows to add for AUBANK.NSE
No incremental rows to add for ADANIENSOL.NSE
No incremental rows to add for ADANIENT.NSE
No incremental rows to add for ADANIGREEN.NSE
No incremental rows to add for ADANIPORTS.NSE
No incremental rows to add for ADANIPOWER.NSE
No incremental rows to add for ATGL.NSE
No incremental rows to add for ABCAPITAL.NSE
No incremental rows to add for ALKEM.NSE
No incremental rows to add for AMBUJACEM.NSE
No incremental rows to add for APOLLOHOSP.NSE
No incremental rows to add for ASHOKLEY.NSE
No incremental rows to add for ASIANPAINT.NSE
No incremental rows to add for ASTRAL.NSE
No incremental rows to add for AUROPHARMA.NSE
No incremental rows to add for DMART.NSE
No incremental rows to add for AXISBANK.NSE
No incremental rows to add for BSE.NSE
No incremental rows to add for BAJAJ-AUTO.NSE
No incremental rows to add for BAJFINANCE.NSE
No incremental rows to add for BAJAJFINSV.NSE
No incremental rows to add for BAJAJHLDNG.NSE
No incremental rows to add for BAJAJHFL.NSE
No incremental rows to add for BANKBARODA.NSE
No incremental rows to add for BANKINDIA.NSE
No incremental rows to add for BDL.NSE
No incremental rows to add for BEL.NSE
No incremental rows to add for BHARATFORG.NSE
No incremental rows to add for BHEL.NSE
No incremental rows to add for BPCL.NSE
No incremental rows to add for BHARTIARTL.NSE
No incremental rows to add for BHARTIHEXA.NSE
No incremental rows to add for BIOCON.NSE
No incremental rows to add for BLUESTARCO.NSE
No incremental rows to add for BOSCHLTD.NSE
No incremental rows to add for BRITANNIA.NSE
No incremental rows to add for CGPOWER.NSE
No incremental rows to add for CANBK.NSE
No incremental rows to add for CHOLAFIN.NSE
No incremental rows to add for CIPLA.NSE
No incremental rows to add for COALINDIA.NSE
No incremental rows to add for COCHINSHIP.NSE
No incremental rows to add for COFORGE.NSE
No incremental rows to add for COLPAL.NSE
No incremental rows to add for CONCOR.NSE
No incremental rows to add for COROMANDEL.NSE
No incremental rows to add for CUMMINSIND.NSE
No incremental rows to add for DLF.NSE
No incremental rows to add for DABUR.NSE
No incremental rows to add for DIVISLAB.NSE
No incremental rows to add for DIXON.NSE
No incremental rows to add for DRREDDY.NSE
Failed to fetch DUMMYHDLVR.NSE: HTTP 404 - Ticker Not Found.
No incremental rows to add for EICHERMOT.NSE
No incremental rows to add for ETERNAL.NSE
No incremental rows to add for EXIDEIND.NSE
No incremental rows to add for NYKAA.NSE
No incremental rows to add for FEDERALBNK.NSE
No incremental rows to add for FORTIS.NSE
No incremental rows to add for GAIL.NSE
No incremental rows to add for GMRAIRPORT.NSE
No incremental rows to add for GLENMARK.NSE
No incremental rows to add for GODFRYPHLP.NSE
No incremental rows to add for GODREJCP.NSE
No incremental rows to add for GODREJPROP.NSE
No incremental rows to add for GRASIM.NSE
No incremental rows to add for HCLTECH.NSE
No incremental rows to add for HDFCAMC.NSE
No incremental rows to add for HDFCBANK.NSE
No incremental rows to add for HDFCLIFE.NSE
No incremental rows to add for HAVELLS.NSE
No incremental rows to add for HEROMOTOCO.NSE
No incremental rows to add for HINDALCO.NSE
No incremental rows to add for HINDPETRO.NSE
No incremental rows to add for HINDUNILVR.NSE
No incremental rows to add for HINDZINC.NSE
No incremental rows to add for POWERINDIA.NSE
No incremental rows to add for HUDCO.NSE
No incremental rows to add for HYUNDAI.NSE
No incremental rows to add for ICICIBANK.NSE
No incremental rows to add for ICICIGI.NSE
No incremental rows to add for IDFCFIRSTB.NSE
Traceback (most recent call last):
  File "/Users/tusharkoley/Desktop/code/tradezens/backend/venv/lib/python3.13/site-packages/django/db/backends/utils.py", line 105, in _execute
    return self.cursor.execute(sql, params)
           ~~~~~~~~~~~~~~~~~~~^^^^^^^^^^^^^
psycopg2.OperationalError: server closed the connection unexpectedly
	This probably means the server terminated abnormally
	before or while processing the request.


The above exception was the direct cause of the following exception:

Traceback (most recent call last):
  File "/Users/tusharkoley/Desktop/code/tradezens/backend/manage.py", line 22, in <module>
    main()
    ~~~~^^
  File "/Users/tusharkoley/Desktop/code/tradezens/backend/manage.py", line 18, in main
    execute_from_command_line(sys.argv)
    ~~~~~~~~~~~~~~~~~~~~~~~~~^^^^^^^^^^
  File "/Users/tusharkoley/Desktop/code/tradezens/backend/venv/lib/python3.13/site-packages/django/core/management/__init__.py", line 442, in execute_from_command_line
    utility.execute()
    ~~~~~~~~~~~~~~~^^
  File "/Users/tusharkoley/Desktop/code/tradezens/backend/venv/lib/python3.13/site-packages/django/core/management/__init__.py", line 436, in execute
    self.fetch_command(subcommand).run_from_argv(self.argv)
    ~~~~~~~~~~~~~~~~~~~~~~~~~~~~~~~~~~~~~~~~~~~~^^^^^^^^^^^
  File "/Users/tusharkoley/Desktop/code/tradezens/backend/venv/lib/python3.13/site-packages/django/core/management/base.py", line 413, in run_from_argv
    self.execute(*args, **cmd_options)
    ~~~~~~~~~~~~^^^^^^^^^^^^^^^^^^^^^^
  File "/Users/tusharkoley/Desktop/code/tradezens/backend/venv/lib/python3.13/site-packages/django/core/management/base.py", line 459, in execute
    output = self.handle(*args, **options)
  File "/Users/tusharkoley/Desktop/code/tradezens/backend/stocks/management/commands/update_prices_eodhd.py", line 63, in handle
    latest = Price.objects.filter(ticker=ticker).order_by("-date").values_list("date", flat=True).first()
  File "/Users/tusharkoley/Desktop/code/tradezens/backend/venv/lib/python3.13/site-packages/django/db/models/query.py", line 1097, in first
    for obj in queryset[:1]:
               ~~~~~~~~^^^^
  File "/Users/tusharkoley/Desktop/code/tradezens/backend/venv/lib/python3.13/site-packages/django/db/models/query.py", line 400, in __iter__
    self._fetch_all()
    ~~~~~~~~~~~~~~~^^
  File "/Users/tusharkoley/Desktop/code/tradezens/backend/venv/lib/python3.13/site-packages/django/db/models/query.py", line 1928, in _fetch_all
    self._result_cache = list(self._iterable_class(self))
                         ~~~~^^^^^^^^^^^^^^^^^^^^^^^^^^^^
  File "/Users/tusharkoley/Desktop/code/tradezens/backend/venv/lib/python3.13/site-packages/django/db/models/query.py", line 287, in __iter__
    for row in compiler.results_iter(
               ~~~~~~~~~~~~~~~~~~~~~^
        chunked_fetch=self.chunked_fetch, chunk_size=self.chunk_size
        ^^^^^^^^^^^^^^^^^^^^^^^^^^^^^^^^^^^^^^^^^^^^^^^^^^^^^^^^^^^^
    ):
    ^
  File "/Users/tusharkoley/Desktop/code/tradezens/backend/venv/lib/python3.13/site-packages/django/db/models/sql/compiler.py", line 1525, in results_iter
    results = self.execute_sql(
        MULTI, chunked_fetch=chunked_fetch, chunk_size=chunk_size
    )
  File "/Users/tusharkoley/Desktop/code/tradezens/backend/venv/lib/python3.13/site-packages/django/db/models/sql/compiler.py", line 1574, in execute_sql
    cursor.execute(sql, params)
    ~~~~~~~~~~~~~~^^^^^^^^^^^^^
  File "/Users/tusharkoley/Desktop/code/tradezens/backend/venv/lib/python3.13/site-packages/django/db/backends/utils.py", line 122, in execute
    return super().execute(sql, params)
           ~~~~~~~~~~~~~~~^^^^^^^^^^^^^
  File "/Users/tusharkoley/Desktop/code/tradezens/backend/venv/lib/python3.13/site-packages/django/db/backends/utils.py", line 79, in execute
    return self._execute_with_wrappers(
           ~~~~~~~~~~~~~~~~~~~~~~~~~~~^
        sql, params, many=False, executor=self._execute
        ^^^^^^^^^^^^^^^^^^^^^^^^^^^^^^^^^^^^^^^^^^^^^^^
    )
    ^
  File "/Users/tusharkoley/Desktop/code/tradezens/backend/venv/lib/python3.13/site-packages/django/db/backends/utils.py", line 92, in _execute_with_wrappers
    return executor(sql, params, many, context)
  File "/Users/tusharkoley/Desktop/code/tradezens/backend/venv/lib/python3.13/site-packages/django/db/backends/utils.py", line 100, in _execute
    with self.db.wrap_database_errors:
         ^^^^^^^^^^^^^^^^^^^^^^^^^^^^
  File "/Users/tusharkoley/Desktop/code/tradezens/backend/venv/lib/python3.13/site-packages/django/db/utils.py", line 91, in __exit__
    raise dj_exc_value.with_traceback(traceback) from exc_value
  File "/Users/tusharkoley/Desktop/code/tradezens/backend/venv/lib/python3.13/site-packages/django/db/backends/utils.py", line 105, in _execute
    return self.cursor.execute(sql, params)
           ~~~~~~~~~~~~~~~~~~~^^^^^^^^^^^^^
django.db.utils.OperationalError: server closed the connection unexpectedly
	This probably means the server terminated abnormally
	before or while processing the request.

No new data for 360ONE.NSE (from 2026-01-17 to 2026-01-19)
No new data for ABB.NSE (from 2026-01-17 to 2026-01-19)
No new data for ACC.NSE (from 2026-01-17 to 2026-01-19)
No new data for APLAPOLLO.NSE (from 2026-01-17 to 2026-01-19)
No new data for AUBANK.NSE (from 2026-01-17 to 2026-01-19)
No new data for ADANIENSOL.NSE (from 2026-01-17 to 2026-01-19)
No new data for ADANIENT.NSE (from 2026-01-17 to 2026-01-19)
No new data for ADANIGREEN.NSE (from 2026-01-17 to 2026-01-19)
No new data for ADANIPORTS.NSE (from 2026-01-17 to 2026-01-19)
No new data for ADANIPOWER.NSE (from 2026-01-17 to 2026-01-19)
No new data for ATGL.NSE (from 2026-01-17 to 2026-01-19)
No new data for ABCAPITAL.NSE (from 2026-01-17 to 2026-01-19)
No new data for ALKEM.NSE (from 2026-01-17 to 2026-01-19)
No new data for AMBUJACEM.NSE (from 2026-01-17 to 2026-01-19)
No new data for APOLLOHOSP.NSE (from 2026-01-17 to 2026-01-19)
No new data for ASHOKLEY.NSE (from 2026-01-17 to 2026-01-19)
No new data for ASIANPAINT.NSE (from 2026-01-17 to 2026-01-19)
No new data for ASTRAL.NSE (from 2026-01-17 to 2026-01-19)
No new data for AUROPHARMA.NSE (from 2026-01-17 to 2026-01-19)
No new data for DMART.NSE (from 2026-01-17 to 2026-01-19)
No new data for AXISBANK.NSE (from 2026-01-17 to 2026-01-19)
No new data for BSE.NSE (from 2026-01-17 to 2026-01-19)
No new data for BAJAJ-AUTO.NSE (from 2026-01-17 to 2026-01-19)
No new data for BAJFINANCE.NSE (from 2026-01-17 to 2026-01-19)
No new data for BAJAJFINSV.NSE (from 2026-01-17 to 2026-01-19)
No new data for BAJAJHLDNG.NSE (from 2026-01-17 to 2026-01-19)
No new data for BAJAJHFL.NSE (from 2026-01-17 to 2026-01-19)
No new data for BANKBARODA.NSE (from 2026-01-17 to 2026-01-19)
Traceback (most recent call last):
  File "/Users/tusharkoley/Desktop/code/tradezens/backend/venv/lib/python3.13/site-packages/django/db/backends/utils.py", line 105, in _execute
    return self.cursor.execute(sql, params)
           ~~~~~~~~~~~~~~~~~~~^^^^^^^^^^^^^
psycopg2.OperationalError: server closed the connection unexpectedly
	This probably means the server terminated abnormally
	before or while processing the request.


The above exception was the direct cause of the following exception:

Traceback (most recent call last):
  File "/Users/tusharkoley/Desktop/code/tradezens/backend/manage.py", line 22, in <module>
    main()
    ~~~~^^
  File "/Users/tusharkoley/Desktop/code/tradezens/backend/manage.py", line 18, in main
    execute_from_command_line(sys.argv)
    ~~~~~~~~~~~~~~~~~~~~~~~~~^^^^^^^^^^
  File "/Users/tusharkoley/Desktop/code/tradezens/backend/venv/lib/python3.13/site-packages/django/core/management/__init__.py", line 442, in execute_from_command_line
    utility.execute()
    ~~~~~~~~~~~~~~~^^
  File "/Users/tusharkoley/Desktop/code/tradezens/backend/venv/lib/python3.13/site-packages/django/core/management/__init__.py", line 436, in execute
    self.fetch_command(subcommand).run_from_argv(self.argv)
    ~~~~~~~~~~~~~~~~~~~~~~~~~~~~~~~~~~~~~~~~~~~~^^^^^^^^^^^
  File "/Users/tusharkoley/Desktop/code/tradezens/backend/venv/lib/python3.13/site-packages/django/core/management/base.py", line 413, in run_from_argv
    self.execute(*args, **cmd_options)
    ~~~~~~~~~~~~^^^^^^^^^^^^^^^^^^^^^^
  File "/Users/tusharkoley/Desktop/code/tradezens/backend/venv/lib/python3.13/site-packages/django/core/management/base.py", line 459, in execute
    output = self.handle(*args, **options)
  File "/Users/tusharkoley/Desktop/code/tradezens/backend/stocks/management/commands/update_prices_eodhd.py", line 64, in handle
    earliest = Price.objects.filter(ticker=ticker).order_by("date").values_list("date", flat=True).first()
  File "/Users/tusharkoley/Desktop/code/tradezens/backend/venv/lib/python3.13/site-packages/django/db/models/query.py", line 1097, in first
    for obj in queryset[:1]:
               ~~~~~~~~^^^^
  File "/Users/tusharkoley/Desktop/code/tradezens/backend/venv/lib/python3.13/site-packages/django/db/models/query.py", line 400, in __iter__
    self._fetch_all()
    ~~~~~~~~~~~~~~~^^
  File "/Users/tusharkoley/Desktop/code/tradezens/backend/venv/lib/python3.13/site-packages/django/db/models/query.py", line 1928, in _fetch_all
    self._result_cache = list(self._iterable_class(self))
                         ~~~~^^^^^^^^^^^^^^^^^^^^^^^^^^^^
  File "/Users/tusharkoley/Desktop/code/tradezens/backend/venv/lib/python3.13/site-packages/django/db/models/query.py", line 287, in __iter__
    for row in compiler.results_iter(
               ~~~~~~~~~~~~~~~~~~~~~^
        chunked_fetch=self.chunked_fetch, chunk_size=self.chunk_size
        ^^^^^^^^^^^^^^^^^^^^^^^^^^^^^^^^^^^^^^^^^^^^^^^^^^^^^^^^^^^^
    ):
    ^
  File "/Users/tusharkoley/Desktop/code/tradezens/backend/venv/lib/python3.13/site-packages/django/db/models/sql/compiler.py", line 1525, in results_iter
    results = self.execute_sql(
        MULTI, chunked_fetch=chunked_fetch, chunk_size=chunk_size
    )
  File "/Users/tusharkoley/Desktop/code/tradezens/backend/venv/lib/python3.13/site-packages/django/db/models/sql/compiler.py", line 1574, in execute_sql
    cursor.execute(sql, params)
    ~~~~~~~~~~~~~~^^^^^^^^^^^^^
  File "/Users/tusharkoley/Desktop/code/tradezens/backend/venv/lib/python3.13/site-packages/django/db/backends/utils.py", line 122, in execute
    return super().execute(sql, params)
           ~~~~~~~~~~~~~~~^^^^^^^^^^^^^
  File "/Users/tusharkoley/Desktop/code/tradezens/backend/venv/lib/python3.13/site-packages/django/db/backends/utils.py", line 79, in execute
    return self._execute_with_wrappers(
           ~~~~~~~~~~~~~~~~~~~~~~~~~~~^
        sql, params, many=False, executor=self._execute
        ^^^^^^^^^^^^^^^^^^^^^^^^^^^^^^^^^^^^^^^^^^^^^^^
    )
    ^
  File "/Users/tusharkoley/Desktop/code/tradezens/backend/venv/lib/python3.13/site-packages/django/db/backends/utils.py", line 92, in _execute_with_wrappers
    return executor(sql, params, many, context)
  File "/Users/tusharkoley/Desktop/code/tradezens/backend/venv/lib/python3.13/site-packages/django/db/backends/utils.py", line 100, in _execute
    with self.db.wrap_database_errors:
         ^^^^^^^^^^^^^^^^^^^^^^^^^^^^
  File "/Users/tusharkoley/Desktop/code/tradezens/backend/venv/lib/python3.13/site-packages/django/db/utils.py", line 91, in __exit__
    raise dj_exc_value.with_traceback(traceback) from exc_value
  File "/Users/tusharkoley/Desktop/code/tradezens/backend/venv/lib/python3.13/site-packages/django/db/backends/utils.py", line 105, in _execute
    return self.cursor.execute(sql, params)
           ~~~~~~~~~~~~~~~~~~~^^^^^^^^^^^^^
django.db.utils.OperationalError: server closed the connection unexpectedly
	This probably means the server terminated abnormally
	before or while processing the request.

